// Jest Snapshot v1, https://goo.gl/fbAQLP

exports[`renders correctly 1`] = `
Object {
  "asFragment": [Function],
  "baseElement": <body>
    <div>
      <div
        class="leaderboard container"
      >
        <div
          class="row"
        >
          <div
            class="col"
          >
            <h1
              class="mt-3"
            >
              Leaderboard
            </h1>
            <table
              class="my-4 table table-striped table-bordered table-hover"
            >
              <thead>
                <tr>
                  <th>
                    Users
                  </th>
                  <th>
                    Answered
                  </th>
                  <th>
                    Created
                  </th>
                </tr>
              </thead>
              <tbody />
            </table>
          </div>
        </div>
      </div>
    </div>
  </body>,
  "container": <div>
    <div
      class="leaderboard container"
    >
      <div
        class="row"
      >
        <div
          class="col"
        >
          <h1
            class="mt-3"
          >
            Leaderboard
          </h1>
          <table
            class="my-4 table table-striped table-bordered table-hover"
          >
            <thead>
              <tr>
                <th>
                  Users
                </th>
                <th>
                  Answered
                </th>
                <th>
                  Created
                </th>
              </tr>
            </thead>
            <tbody />
          </table>
        </div>
      </div>
    </div>
  </div>,
  "debug": [Function],
  "findAllByAltText": [Function],
  "findAllByDisplayValue": [Function],
  "findAllByLabelText": [Function],
  "findAllByPlaceholderText": [Function],
  "findAllByRole": [Function],
  "findAllByTestId": [Function],
  "findAllByText": [Function],
  "findAllByTitle": [Function],
  "findByAltText": [Function],
  "findByDisplayValue": [Function],
  "findByLabelText": [Function],
  "findByPlaceholderText": [Function],
  "findByRole": [Function],
  "findByTestId": [Function],
  "findByText": [Function],
  "findByTitle": [Function],
  "getAllByAltText": [Function],
  "getAllByDisplayValue": [Function],
  "getAllByLabelText": [Function],
  "getAllByPlaceholderText": [Function],
  "getAllByRole": [Function],
  "getAllByTestId": [Function],
  "getAllByText": [Function],
  "getAllByTitle": [Function],
  "getByAltText": [Function],
  "getByDisplayValue": [Function],
  "getByLabelText": [Function],
  "getByPlaceholderText": [Function],
  "getByRole": [Function],
  "getByTestId": [Function],
  "getByText": [Function],
  "getByTitle": [Function],
  "queryAllByAltText": [Function],
  "queryAllByDisplayValue": [Function],
  "queryAllByLabelText": [Function],
  "queryAllByPlaceholderText": [Function],
  "queryAllByRole": [Function],
  "queryAllByTestId": [Function],
  "queryAllByText": [Function],
  "queryAllByTitle": [Function],
  "queryByAltText": [Function],
  "queryByDisplayValue": [Function],
  "queryByLabelText": [Function],
  "queryByPlaceholderText": [Function],
  "queryByRole": [Function],
  "queryByTestId": [Function],
  "queryByText": [Function],
  "queryByTitle": [Function],
  "rerender": [Function],
  "store": Object {
    "@@observable": [Function],
    "dispatch": [Function],
    "getState": [Function],
    "replaceReducer": [Function],
    "subscribe": [Function],
  },
  "unmount": [Function],
}
`;
